<html>
<body>
<pre>
<h1>µVision Build Log</h1>
<h2>Project:</h2>
D:\Yuoe\Exp\Stm32\STM32F10x\STM32F10x_StdPeriph_Lib_V3.5.0\Project\STM32F10x_StdPeriph_Template\MDK-ARM\Project.uvproj
Project File Date:  06/23/2026

<h2>Output:</h2>
Rebuild target 'STM32100E-EVAL'
compiling stm32f10x_it.c...
compiling main.c...
..\main.c(68): warning:  #1-D: last line of file ends without a newline
compiling stm32f10x_rcc.c...
compiling stm32f10x_gpio.c...
compiling misc.c...
compiling stm32f10x_exti.c...
compiling stm32f10x_spi.c...
compiling stm32f10x_fsmc.c...
compiling stm32f10x_usart.c...
compiling stm32f10x_sdio.c...
compiling stm32f10x_dma.c...
compiling stm32f10x_i2c.c...
compiling stm32f10x_adc.c...
compiling stm32f10x_bkp.c...
compiling stm32f10x_can.c...
compiling stm32f10x_cec.c...
compiling stm32f10x_crc.c...
compiling stm32f10x_dac.c...
compiling stm32f10x_dbgmcu.c...
compiling stm32f10x_flash.c...
compiling stm32f10x_iwdg.c...
compiling stm32f10x_pwr.c...
compiling stm32f10x_rtc.c...
compiling stm32f10x_tim.c...
compiling stm32f10x_wwdg.c...
compiling core_cm3.c...
compiling system_stm32f10x.c...
compiling stm32_eval.c...
compiling stm32_eval_spi_sd.c...
compiling stm32_eval_i2c_tsensor.c...
compiling stm32_eval_spi_flash.c...
compiling stm32100e_eval_lcd.c...
compiling stm32100e_eval_ioe.c...
compiling stm32100e_eval_cec.c...
compiling stm32100e_eval_fsmc_onenand.c...
compiling stm32100e_eval_fsmc_sram.c...
assembling startup_stm32f10x_hd.s...
linking...
Program Size: Code=1184 RO-data=336 RW-data=4 ZI-data=1028  
".\STM32100E-EVAL\STM32100E-EVAL.axf" - 0 Error(s), 1 Warning(s).
Load "D:\\Yuoe\\Exp\\Stm32\\STM32F10x\\STM32F10x_StdPeriph_Lib_V3.5.0\\Project\\STM32F10x_StdPeriph_Template\\MDK-ARM\\STM32100E-EVAL\\STM32100E-EVAL.AXF" 
Rebuild target 'STM32100E-EVAL'
compiling stm32f10x_it.c...
compiling main.c...
..\main.c(68): warning:  #1-D: last line of file ends without a newline
compiling stm32f10x_rcc.c...
compiling stm32f10x_gpio.c...
compiling misc.c...
compiling stm32f10x_exti.c...
compiling stm32f10x_spi.c...
compiling stm32f10x_fsmc.c...
compiling stm32f10x_usart.c...
compiling stm32f10x_sdio.c...
compiling stm32f10x_dma.c...
compiling stm32f10x_i2c.c...
compiling stm32f10x_adc.c...
compiling stm32f10x_bkp.c...
compiling stm32f10x_can.c...
compiling stm32f10x_cec.c...
compiling stm32f10x_crc.c...
compiling stm32f10x_dac.c...
compiling stm32f10x_dbgmcu.c...
compiling stm32f10x_flash.c...
compiling stm32f10x_iwdg.c...
compiling stm32f10x_pwr.c...
compiling stm32f10x_rtc.c...
compiling stm32f10x_tim.c...
compiling stm32f10x_wwdg.c...
compiling core_cm3.c...
compiling system_stm32f10x.c...
compiling stm32_eval.c...
compiling stm32_eval_spi_sd.c...
compiling stm32_eval_i2c_tsensor.c...
compiling stm32_eval_spi_flash.c...
compiling stm32100e_eval_lcd.c...
compiling stm32100e_eval_ioe.c...
compiling stm32100e_eval_cec.c...
compiling stm32100e_eval_fsmc_onenand.c...
compiling stm32100e_eval_fsmc_sram.c...
assembling startup_stm32f10x_hd.s...
linking...
Program Size: Code=1184 RO-data=336 RW-data=4 ZI-data=1028  
".\STM32100E-EVAL\STM32100E-EVAL.axf" - 0 Error(s), 1 Warning(s).
Build target 'STM32100E-EVAL'
compiling main.c...
..\main.c(20): warning:  #9-D: nested comment is not allowed
..\main.c(44): warning:  #223-D: function "LED0_Config" declared implicitly
linking...
.\STM32100E-EVAL\STM32100E-EVAL.axf: Error: L6218E: Undefined symbol LED0_Config (referred from main.o).
Target not created
Rebuild target 'STM32100E-EVAL'
compiling stm32f10x_it.c...
compiling main.c...
..\main.c(20): warning:  #9-D: nested comment is not allowed
..\main.c(44): warning:  #223-D: function "LED0_Config" declared implicitly
compiling stm32f10x_rcc.c...
compiling stm32f10x_gpio.c...
compiling misc.c...
compiling stm32f10x_exti.c...
compiling stm32f10x_spi.c...
compiling stm32f10x_fsmc.c...
compiling stm32f10x_usart.c...
compiling stm32f10x_sdio.c...
compiling stm32f10x_dma.c...
compiling stm32f10x_i2c.c...
compiling stm32f10x_adc.c...
compiling stm32f10x_bkp.c...
compiling stm32f10x_can.c...
compiling stm32f10x_cec.c...
compiling stm32f10x_crc.c...
compiling stm32f10x_dac.c...
compiling stm32f10x_dbgmcu.c...
compiling stm32f10x_flash.c...
compiling stm32f10x_iwdg.c...
compiling stm32f10x_pwr.c...
compiling stm32f10x_rtc.c...
compiling stm32f10x_tim.c...
compiling stm32f10x_wwdg.c...
compiling core_cm3.c...
compiling system_stm32f10x.c...
compiling stm32_eval.c...
compiling stm32_eval_spi_sd.c...
compiling stm32_eval_i2c_tsensor.c...
compiling stm32_eval_spi_flash.c...
compiling stm32100e_eval_lcd.c...
compiling stm32100e_eval_ioe.c...
compiling stm32100e_eval_cec.c...
compiling stm32100e_eval_fsmc_onenand.c...
compiling stm32100e_eval_fsmc_sram.c...
assembling startup_stm32f10x_hd.s...
linking...
.\STM32100E-EVAL\STM32100E-EVAL.axf: Error: L6218E: Undefined symbol LED0_Config (referred from main.o).
Target not created
Rebuild target 'STM32100E-EVAL'
compiling stm32f10x_it.c...
compiling main.c...
compiling stm32f10x_rcc.c...
compiling stm32f10x_gpio.c...
compiling misc.c...
compiling stm32f10x_exti.c...
compiling stm32f10x_spi.c...
compiling stm32f10x_fsmc.c...
compiling stm32f10x_usart.c...
compiling stm32f10x_sdio.c...
compiling stm32f10x_dma.c...
compiling stm32f10x_i2c.c...
compiling stm32f10x_adc.c...
compiling stm32f10x_bkp.c...
compiling stm32f10x_can.c...
compiling stm32f10x_cec.c...
compiling stm32f10x_crc.c...
compiling stm32f10x_dac.c...
compiling stm32f10x_dbgmcu.c...
compiling stm32f10x_flash.c...
compiling stm32f10x_iwdg.c...
compiling stm32f10x_pwr.c...
compiling stm32f10x_rtc.c...
compiling stm32f10x_tim.c...
compiling stm32f10x_wwdg.c...
compiling core_cm3.c...
compiling system_stm32f10x.c...
compiling stm32_eval.c...
compiling stm32_eval_spi_sd.c...
compiling stm32_eval_i2c_tsensor.c...
compiling stm32_eval_spi_flash.c...
compiling stm32100e_eval_lcd.c...
compiling stm32100e_eval_ioe.c...
compiling stm32100e_eval_cec.c...
compiling stm32100e_eval_fsmc_onenand.c...
compiling stm32100e_eval_fsmc_sram.c...
assembling startup_stm32f10x_hd.s...
linking...
Program Size: Code=676 RO-data=320 RW-data=0 ZI-data=1024  
".\STM32100E-EVAL\STM32100E-EVAL.axf" - 0 Error(s), 0 Warning(s).
Rebuild target 'STM32100E-EVAL'
compiling stm32f10x_it.c...
compiling main.c...
..\main.c(68): warning:  #1-D: last line of file ends without a newline
compiling stm32f10x_rcc.c...
compiling stm32f10x_gpio.c...
compiling misc.c...
compiling stm32f10x_exti.c...
compiling stm32f10x_spi.c...
compiling stm32f10x_fsmc.c...
compiling stm32f10x_usart.c...
compiling stm32f10x_sdio.c...
compiling stm32f10x_dma.c...
compiling stm32f10x_i2c.c...
compiling stm32f10x_adc.c...
compiling stm32f10x_bkp.c...
compiling stm32f10x_can.c...
compiling stm32f10x_cec.c...
compiling stm32f10x_crc.c...
compiling stm32f10x_dac.c...
compiling stm32f10x_dbgmcu.c...
compiling stm32f10x_flash.c...
compiling stm32f10x_iwdg.c...
compiling stm32f10x_pwr.c...
compiling stm32f10x_rtc.c...
compiling stm32f10x_tim.c...
compiling stm32f10x_wwdg.c...
compiling core_cm3.c...
compiling system_stm32f10x.c...
compiling stm32_eval.c...
compiling stm32_eval_spi_sd.c...
compiling stm32_eval_i2c_tsensor.c...
compiling stm32_eval_spi_flash.c...
compiling stm32100e_eval_lcd.c...
compiling stm32100e_eval_ioe.c...
compiling stm32100e_eval_cec.c...
compiling stm32100e_eval_fsmc_onenand.c...
compiling stm32100e_eval_fsmc_sram.c...
assembling startup_stm32f10x_hd.s...
linking...
Program Size: Code=1184 RO-data=336 RW-data=4 ZI-data=1028  
".\STM32100E-EVAL\STM32100E-EVAL.axf" - 0 Error(s), 1 Warning(s).
Build target 'STM32100E-EVAL'
linking...
Program Size: Code=1184 RO-data=336 RW-data=4 ZI-data=1028  
".\STM32100E-EVAL\STM32100E-EVAL.axf" - 0 Error(s), 0 Warning(s).
Load "D:\\Yuoe\\Exp\\Stm32\\STM32F10x\\STM32F10x_StdPeriph_Lib_V3.5.0\\Project\\STM32F10x_StdPeriph_Template\\MDK-ARM\\STM32100E-EVAL\\STM32100E-EVAL.AXF" 
Erase Done.
Programming Done.
Verify OK.
Build target 'STM32100E-EVAL'
compiling main.c...
..\main.c(67): warning:  #1-D: last line of file ends without a newline
linking...
Program Size: Code=1184 RO-data=336 RW-data=4 ZI-data=1028  
".\STM32100E-EVAL\STM32100E-EVAL.axf" - 0 Error(s), 1 Warning(s).
Load "D:\\Yuoe\\Exp\\Stm32\\STM32F10x\\STM32F10x_StdPeriph_Lib_V3.5.0\\Project\\STM32F10x_StdPeriph_Template\\MDK-ARM\\STM32100E-EVAL\\STM32100E-EVAL.AXF" 
Erase Done.
Programming Done.
Verify OK.
Build target 'STM32100E-EVAL'
compiling main.c...
..\main.c(29): warning:  #69-D: integer conversion resulted in truncation
..\main.c(67): warning:  #1-D: last line of file ends without a newline
linking...
Program Size: Code=1184 RO-data=336 RW-data=4 ZI-data=1028  
".\STM32100E-EVAL\STM32100E-EVAL.axf" - 0 Error(s), 2 Warning(s).
Rebuild target 'STM32100E-EVAL'
compiling stm32f10x_it.c...
compiling main.c...
..\main.c(29): warning:  #69-D: integer conversion resulted in truncation
..\main.c(67): warning:  #1-D: last line of file ends without a newline
compiling stm32f10x_rcc.c...
compiling stm32f10x_gpio.c...
compiling misc.c...
compiling stm32f10x_exti.c...
compiling stm32f10x_spi.c...
compiling stm32f10x_fsmc.c...
compiling stm32f10x_usart.c...
compiling stm32f10x_sdio.c...
compiling stm32f10x_dma.c...
compiling stm32f10x_i2c.c...
compiling stm32f10x_adc.c...
compiling stm32f10x_bkp.c...
compiling stm32f10x_can.c...
compiling stm32f10x_cec.c...
compiling stm32f10x_crc.c...
compiling stm32f10x_dac.c...
compiling stm32f10x_dbgmcu.c...
compiling stm32f10x_flash.c...
compiling stm32f10x_iwdg.c...
compiling stm32f10x_pwr.c...
compiling stm32f10x_rtc.c...
compiling stm32f10x_tim.c...
compiling stm32f10x_wwdg.c...
compiling core_cm3.c...
compiling system_stm32f10x.c...
compiling stm32_eval.c...
compiling stm32_eval_spi_sd.c...
compiling stm32_eval_i2c_tsensor.c...
compiling stm32_eval_spi_flash.c...
compiling stm32100e_eval_lcd.c...
compiling stm32100e_eval_ioe.c...
compiling stm32100e_eval_cec.c...
compiling stm32100e_eval_fsmc_onenand.c...
compiling stm32100e_eval_fsmc_sram.c...
assembling startup_stm32f10x_hd.s...
linking...
Program Size: Code=1184 RO-data=336 RW-data=4 ZI-data=1028  
".\STM32100E-EVAL\STM32100E-EVAL.axf" - 0 Error(s), 2 Warning(s).
Rebuild target 'STM32100E-EVAL'
compiling stm32f10x_it.c...
compiling main.c...
..\main.c(67): warning:  #1-D: last line of file ends without a newline
compiling stm32f10x_rcc.c...
compiling stm32f10x_gpio.c...
compiling misc.c...
compiling stm32f10x_exti.c...
compiling stm32f10x_spi.c...
compiling stm32f10x_fsmc.c...
compiling stm32f10x_usart.c...
compiling stm32f10x_sdio.c...
compiling stm32f10x_dma.c...
compiling stm32f10x_i2c.c...
compiling stm32f10x_adc.c...
compiling stm32f10x_bkp.c...
compiling stm32f10x_can.c...
compiling stm32f10x_cec.c...
compiling stm32f10x_crc.c...
compiling stm32f10x_dac.c...
compiling stm32f10x_dbgmcu.c...
compiling stm32f10x_flash.c...
compiling stm32f10x_iwdg.c...
compiling stm32f10x_pwr.c...
compiling stm32f10x_rtc.c...
compiling stm32f10x_tim.c...
compiling stm32f10x_wwdg.c...
compiling core_cm3.c...
compiling system_stm32f10x.c...
compiling stm32_eval.c...
compiling stm32_eval_spi_sd.c...
compiling stm32_eval_i2c_tsensor.c...
compiling stm32_eval_spi_flash.c...
compiling stm32100e_eval_lcd.c...
compiling stm32100e_eval_ioe.c...
compiling stm32100e_eval_cec.c...
compiling stm32100e_eval_fsmc_onenand.c...
compiling stm32100e_eval_fsmc_sram.c...
assembling startup_stm32f10x_hd.s...
linking...
Program Size: Code=1184 RO-data=336 RW-data=4 ZI-data=1028  
".\STM32100E-EVAL\STM32100E-EVAL.axf" - 0 Error(s), 1 Warning(s).
Rebuild target 'STM32100E-EVAL'
compiling stm32f10x_it.c...
compiling main.c...
..\main.c(67): warning:  #1-D: last line of file ends without a newline
compiling stm32f10x_rcc.c...
compiling stm32f10x_gpio.c...
compiling misc.c...
compiling stm32f10x_exti.c...
compiling stm32f10x_spi.c...
compiling stm32f10x_fsmc.c...
compiling stm32f10x_usart.c...
compiling stm32f10x_sdio.c...
compiling stm32f10x_dma.c...
compiling stm32f10x_i2c.c...
compiling stm32f10x_adc.c...
compiling stm32f10x_bkp.c...
compiling stm32f10x_can.c...
compiling stm32f10x_cec.c...
compiling stm32f10x_crc.c...
compiling stm32f10x_dac.c...
compiling stm32f10x_dbgmcu.c...
compiling stm32f10x_flash.c...
compiling stm32f10x_iwdg.c...
compiling stm32f10x_pwr.c...
compiling stm32f10x_rtc.c...
compiling stm32f10x_tim.c...
compiling stm32f10x_wwdg.c...
compiling core_cm3.c...
compiling system_stm32f10x.c...
compiling stm32_eval.c...
compiling stm32_eval_spi_sd.c...
compiling stm32_eval_i2c_tsensor.c...
compiling stm32_eval_spi_flash.c...
compiling stm32100e_eval_lcd.c...
compiling stm32100e_eval_ioe.c...
compiling stm32100e_eval_cec.c...
compiling stm32100e_eval_fsmc_onenand.c...
compiling stm32100e_eval_fsmc_sram.c...
assembling startup_stm32f10x_hd.s...
linking...
Program Size: Code=1184 RO-data=336 RW-data=4 ZI-data=1028  
".\STM32100E-EVAL\STM32100E-EVAL.axf" - 0 Error(s), 1 Warning(s).
Rebuild target 'STM32100E-EVAL'
compiling stm32f10x_it.c...
compiling main.c...
..\main.c(67): warning:  #1-D: last line of file ends without a newline
compiling stm32f10x_rcc.c...
compiling stm32f10x_gpio.c...
compiling misc.c...
compiling stm32f10x_exti.c...
compiling stm32f10x_spi.c...
compiling stm32f10x_fsmc.c...
compiling stm32f10x_usart.c...
compiling stm32f10x_sdio.c...
compiling stm32f10x_dma.c...
compiling stm32f10x_i2c.c...
compiling stm32f10x_adc.c...
compiling stm32f10x_bkp.c...
compiling stm32f10x_can.c...
compiling stm32f10x_cec.c...
compiling stm32f10x_crc.c...
compiling stm32f10x_dac.c...
compiling stm32f10x_dbgmcu.c...
compiling stm32f10x_flash.c...
compiling stm32f10x_iwdg.c...
compiling stm32f10x_pwr.c...
compiling stm32f10x_rtc.c...
compiling stm32f10x_tim.c...
compiling stm32f10x_wwdg.c...
compiling core_cm3.c...
compiling system_stm32f10x.c...
compiling stm32_eval.c...
compiling stm32_eval_spi_sd.c...
compiling stm32_eval_i2c_tsensor.c...
compiling stm32_eval_spi_flash.c...
compiling stm32100e_eval_lcd.c...
compiling stm32100e_eval_ioe.c...
compiling stm32100e_eval_cec.c...
compiling stm32100e_eval_fsmc_onenand.c...
compiling stm32100e_eval_fsmc_sram.c...
assembling startup_stm32f10x_hd.s...
linking...
Program Size: Code=1184 RO-data=336 RW-data=4 ZI-data=1028  
".\STM32100E-EVAL\STM32100E-EVAL.axf" - 0 Error(s), 1 Warning(s).
Build target 'STM32100E-EVAL'
compiling main.c...
..\main.c(67): warning:  #1-D: last line of file ends without a newline
linking...
Program Size: Code=1184 RO-data=336 RW-data=4 ZI-data=1028  
".\STM32100E-EVAL\STM32100E-EVAL.axf" - 0 Error(s), 1 Warning(s).
Load "D:\\Yuoe\\Exp\\Stm32\\STM32F10x\\STM32F10x_StdPeriph_Lib_V3.5.0\\Project\\STM32F10x_StdPeriph_Template\\MDK-ARM\\STM32100E-EVAL\\STM32100E-EVAL.AXF" 
Erase Done.
Programming Done.
Verify OK.
